2025-10-29 11:01:56.481 +06 [6720] LOG:  database system was shut down at 2025-10-29 11:01:26 +06
2025-10-29 11:01:56.537 +06 [8680] LOG:  database system is ready to accept connections
2025-10-30 10:52:38.479 +06 [10528] ERROR:  null value in column "model_id" violates not-null constraint
2025-10-30 10:52:38.479 +06 [10528] DETAIL:  Failing row contains (884, null, null, 1, 1, null, t, t, t, t, t, 2025-10-30 04:52:36.321495, 2025-10-30 04:52:36.321495).
2025-10-30 10:52:38.479 +06 [10528] STATEMENT:  INSERT INTO "ir_model_access" ("active", "create_date", "create_uid", "perm_create", "perm_read", "perm_unlink", "perm_write", "write_date", "write_uid") VALUES (true, '2025-10-30 04:52:36.321495', 1, true, true, true, true, '2025-10-30 04:52:36.321495', 1) RETURNING "id"
2025-10-30 10:52:38.483 +06 [10528] ERROR:  null value in column "model_id" violates not-null constraint
2025-10-30 10:52:38.483 +06 [10528] DETAIL:  Failing row contains (885, null, null, 1, 1, null, t, t, t, t, t, 2025-10-30 04:52:36.321495, 2025-10-30 04:52:36.321495).
2025-10-30 10:52:38.483 +06 [10528] STATEMENT:  INSERT INTO "ir_model_access" ("active", "create_date", "create_uid", "perm_create", "perm_read", "perm_unlink", "perm_write", "write_date", "write_uid") VALUES (true, '2025-10-30 04:52:36.321495', 1, true, true, true, true, '2025-10-30 04:52:36.321495', 1) RETURNING "id"
2025-10-30 13:33:24.477 +06 [21180] ERROR:  could not serialize access due to concurrent update
2025-10-30 13:33:24.477 +06 [21180] STATEMENT:  
	            WITH last_cron_progress AS (
	                SELECT id as progress_id, cron_id, timed_out_counter, done, remaining
	                FROM ir_cron_progress
	                WHERE cron_id = 19
	                ORDER BY id DESC
	                LIMIT 1
	            )
	            SELECT *
	            FROM ir_cron
	            LEFT JOIN last_cron_progress lcp ON lcp.cron_id = ir_cron.id
	            WHERE ir_cron.active = true
	              AND (nextcall <= (now() at time zone 'UTC')
	                OR EXISTS (
	                    SELECT cron_id
	                    FROM ir_cron_trigger
	                    WHERE call_at <= (now() at time zone 'UTC')
	                      AND cron_id = ir_cron.id
	                )
	              )
	              AND id = 19
	            ORDER BY priority
	            FOR NO KEY UPDATE SKIP LOCKED
	        
