2025-11-15 08:52:37.048 +06 [28136] ERROR:  could not serialize access due to concurrent update
2025-11-15 08:52:37.048 +06 [28136] STATEMENT:  
	            WITH last_cron_progress AS (
	                SELECT id as progress_id, cron_id, timed_out_counter, done, remaining
	                FROM ir_cron_progress
	                WHERE cron_id = 9
	                ORDER BY id DESC
	                LIMIT 1
	            )
	            SELECT *
	            FROM ir_cron
	            LEFT JOIN last_cron_progress lcp ON lcp.cron_id = ir_cron.id
	            WHERE ir_cron.active = true
	              AND (nextcall <= (now() at time zone 'UTC')
	                OR EXISTS (
	                    SELECT cron_id
	                    FROM ir_cron_trigger
	                    WHERE call_at <= (now() at time zone 'UTC')
	                      AND cron_id = ir_cron.id
	                )
	              )
	              AND id = 9
	            ORDER BY priority
	            FOR NO KEY UPDATE SKIP LOCKED
	        
2025-11-16 09:43:27.897 +06 [9496] ERROR:  could not serialize access due to concurrent update
2025-11-16 09:43:27.897 +06 [9496] STATEMENT:  
	            WITH last_cron_progress AS (
	                SELECT id as progress_id, cron_id, timed_out_counter, done, remaining
	                FROM ir_cron_progress
	                WHERE cron_id = 13
	                ORDER BY id DESC
	                LIMIT 1
	            )
	            SELECT *
	            FROM ir_cron
	            LEFT JOIN last_cron_progress lcp ON lcp.cron_id = ir_cron.id
	            WHERE ir_cron.active = true
	              AND (nextcall <= (now() at time zone 'UTC')
	                OR EXISTS (
	                    SELECT cron_id
	                    FROM ir_cron_trigger
	                    WHERE call_at <= (now() at time zone 'UTC')
	                      AND cron_id = ir_cron.id
	                )
	              )
	              AND id = 13
	            ORDER BY priority
	            FOR NO KEY UPDATE SKIP LOCKED
	        
